
> moontv@0.1.0 build
> pnpm gen:manifest && next build


> moontv@0.1.0 gen:manifest C:\Users\user\Documents\TVNEW
> node scripts/generate-manifest.js

??Generated manifest.json with site name: MoonTV
npm :  ??Disabling SWC Minifer will not be an option in the next major version. Ple
ase report any issues you may be experiencing to https://github.com/vercel/next.js/
issues
位於 線路:1 字元:1
+ npm run build > build_error.log 2>&1
+ ~~~~~~~~~~~~~~~~~~~~~~~~~~~~~~~~~~~~
    + CategoryInfo          : NotSpecified: ( ??Disabling SW.../next.js/issues:Str 
   ing) [], RemoteException
    + FullyQualifiedErrorId : NativeCommandError
 
  ??Next.js 14.2.30
  - Experiments (use with caution):
    繚 instrumentationHook

   Creating an optimized production build ...
> [PWA] Compile server
> [PWA] Compile server
> [PWA] Compile client (static)
> [PWA] Auto register service worker with: C:\Users\user\Documents\TVNEW\node_modules\.pnpm\next-pwa@5.6.0_@babel+core@_81f72fe58ef69b3dc8754870a4ea48e6\node_modules\next-pwa\register.js
> [PWA] Service worker: C:\Users\user\Documents\TVNEW\public\sw.js
> [PWA]   url: /sw.js
> [PWA]   scope: /
 ??Compiled successfully
   Linting and checking validity of types ...

./src/components/DownloadGuide.tsx
23:7  Warning: Unexpected console statement.  no-console
34:7  Warning: Unexpected console statement.  no-console

./src/components/DownloadProvider.tsx
82:21  Warning: Unexpected any. Specify a different type.  @typescript-eslint/no-explicit-any

./src/lib/m3u8-downloader.ts
39:7  Warning: Unexpected console statement.  no-console
62:9  Warning: Unexpected console statement.  no-console
86:5  Warning: Unexpected console statement.  no-console
112:9  Warning: Unexpected console statement.  no-console
149:5  Warning: Unexpected console statement.  no-console

./src/lib/types.ts
88:47  Warning: Unexpected any. Specify a different type.  @typescript-eslint/no-explicit-any
89:45  Warning: Unexpected any. Specify a different type.  @typescript-eslint/no-explicit-any

./src/lib/video-logic.ts
69:35  Warning: Unexpected any. Specify a different type.  @typescript-eslint/no-explicit-any
78:40  Warning: Unexpected any. Specify a different type.  @typescript-eslint/no-explicit-any

info  - Need to disable some ESLint rules? Learn more here: https://nextjs.org/docs/basic-features/eslint#disabling-rules
   Collecting page data ...
   Generating static pages (0/50) ...
   Generating static pages (12/50) 
   Generating static pages (24/50) 
   Generating static pages (37/50) 
 ??Generating static pages (50/50)
   Finalizing page optimization ...
   Collecting build traces ...
 ??Failed to copy traced files for C:\Users\user\Documents\TVNEW\.next\server\pages
\_app.js Error: EPERM: operation not permitted, symlink 'C:\Users\user\Documents\TV
NEW\node_modules\.pnpm\react@18.3.1\node_modules\react' -> 'C:\Users\user\Documents
\TVNEW\.next\standalone\node_modules\react'
    at async Object.symlink (node:internal/fs/promises:1004:10)
    at async C:\Users\user\Documents\TVNEW\node_modules\.pnpm\next@14.2.30_@babel+c
ore@7._9960d4ec3ace0dc381872aaaee443d1f\node_modules\next\dist\build\utils.js:1402:
25
    at async Promise.all (index 8)
    at async handleTraceFiles (C:\Users\user\Documents\TVNEW\node_modules\.pnpm\nex
t@14.2.30_@babel+core@7._9960d4ec3ace0dc381872aaaee443d1f\node_modules\next\dist\bu
ild\utils.js:1390:9)
    at async copyTracedFiles (C:\Users\user\Documents\TVNEW\node_modules\.pnpm\next
@14.2.30_@babel+core@7._9960d4ec3ace0dc381872aaaee443d1f\node_modules\next\dist\bui
ld\utils.js:1451:9)
    at async C:\Users\user\Documents\TVNEW\node_modules\.pnpm\next@14.2.30_@babel+c
ore@7._9960d4ec3ace0dc381872aaaee443d1f\node_modules\next\dist\build\index.js:224:9
    at async Span.traceAsyncFn (C:\Users\user\Documents\TVNEW\node_modules\.pnpm\ne
xt@14.2.30_@babel+core@7._9960d4ec3ace0dc381872aaaee443d1f\node_modules\next\dist\t
race\trace.js:154:20)
    at async writeStandaloneDirectory (C:\Users\user\Documents\TVNEW\node_modules\.
pnpm\next@14.2.30_@babel+core@7._9960d4ec3ace0dc381872aaaee443d1f\node_modules\next
\dist\build\index.js:223:5)
    at async C:\Users\user\Documents\TVNEW\node_modules\.pnpm\next@14.2.30_@babel+c
ore@7._9960d4ec3ace0dc381872aaaee443d1f\node_modules\next\dist\build\index.js:2143:
17
    at async Span.traceAsyncFn (C:\Users\user\Documents\TVNEW\node_modules\.pnpm\ne
xt@14.2.30_@babel+core@7._9960d4ec3ace0dc381872aaaee443d1f\node_modules\next\dist\t
race\trace.js:154:20)
    at async build (C:\Users\user\Documents\TVNEW\node_modules\.pnpm\next@14.2.30_@
babel+core@7._9960d4ec3ace0dc381872aaaee443d1f\node_modules\next\dist\build\index.j
s:368:9) {
  errno: -4048,
  code: 'EPERM',
  syscall: 'symlink',
  path: 'C:\\Users\\user\\Documents\\TVNEW\\node_modules\\.pnpm\\react@18.3.1\\node
_modules\\react',
  dest: 'C:\\Users\\user\\Documents\\TVNEW\\.next\\standalone\\node_modules\\react'
}
 ??Failed to copy traced files for C:\Users\user\Documents\TVNEW\.next\server\pages
\_error.js Error: EPERM: operation not permitted, symlink 'C:\Users\user\Documents\
TVNEW\node_modules\.pnpm\react@18.3.1\node_modules\react' -> 'C:\Users\user\Documen
ts\TVNEW\.next\standalone\node_modules\.pnpm\next@14.2.30_@babel+core@7._9960d4ec3a
ce0dc381872aaaee443d1f\node_modules\react'
    at async Object.symlink (node:internal/fs/promises:1004:10)
    at async C:\Users\user\Documents\TVNEW\node_modules\.pnpm\next@14.2.30_@babel+c
ore@7._9960d4ec3ace0dc381872aaaee443d1f\node_modules\next\dist\build\utils.js:1402:
25
    at async Promise.all (index 13)
    at async handleTraceFiles (C:\Users\user\Documents\TVNEW\node_modules\.pnpm\nex
t@14.2.30_@babel+core@7._9960d4ec3ace0dc381872aaaee443d1f\node_modules\next\dist\bu
ild\utils.js:1390:9)
    at async copyTracedFiles (C:\Users\user\Documents\TVNEW\node_modules\.pnpm\next
@14.2.30_@babel+core@7._9960d4ec3ace0dc381872aaaee443d1f\node_modules\next\dist\bui
ld\utils.js:1451:9)
    at async C:\Users\user\Documents\TVNEW\node_modules\.pnpm\next@14.2.30_@babel+c
ore@7._9960d4ec3ace0dc381872aaaee443d1f\node_modules\next\dist\build\index.js:224:9
    at async Span.traceAsyncFn (C:\Users\user\Documents\TVNEW\node_modules\.pnpm\ne
xt@14.2.30_@babel+core@7._9960d4ec3ace0dc381872aaaee443d1f\node_modules\next\dist\t
race\trace.js:154:20)
    at async writeStandaloneDirectory (C:\Users\user\Documents\TVNEW\node_modules\.
pnpm\next@14.2.30_@babel+core@7._9960d4ec3ace0dc381872aaaee443d1f\node_modules\next
\dist\build\index.js:223:5)
    at async C:\Users\user\Documents\TVNEW\node_modules\.pnpm\next@14.2.30_@babel+c
ore@7._9960d4ec3ace0dc381872aaaee443d1f\node_modules\next\dist\build\index.js:2143:
17
    at async Span.traceAsyncFn (C:\Users\user\Documents\TVNEW\node_modules\.pnpm\ne
xt@14.2.30_@babel+core@7._9960d4ec3ace0dc381872aaaee443d1f\node_modules\next\dist\t
race\trace.js:154:20)
    at async build (C:\Users\user\Documents\TVNEW\node_modules\.pnpm\next@14.2.30_@
babel+core@7._9960d4ec3ace0dc381872aaaee443d1f\node_modules\next\dist\build\index.j
s:368:9) {
  errno: -4048,
  code: 'EPERM',
  syscall: 'symlink',
  path: 'C:\\Users\\user\\Documents\\TVNEW\\node_modules\\.pnpm\\react@18.3.1\\node
_modules\\react',
  dest: 'C:\\Users\\user\\Documents\\TVNEW\\.next\\standalone\\node_modules\\.pnpm\
\next@14.2.30_@babel+core@7._9960d4ec3ace0dc381872aaaee443d1f\\node_modules\\react'
}
 ??Failed to copy traced files for C:\Users\user\Documents\TVNEW\.next\server\pages
\_document.js Error: EPERM: operation not permitted, symlink 'C:\Users\user\Documen
ts\TVNEW\node_modules\.pnpm\next@14.2.30_@babel+core@7._9960d4ec3ace0dc381872aaaee4
43d1f\node_modules\next' -> 'C:\Users\user\Documents\TVNEW\.next\standalone\node_mo
dules\next'
    at async Object.symlink (node:internal/fs/promises:1004:10)
    at async C:\Users\user\Documents\TVNEW\node_modules\.pnpm\next@14.2.30_@babel+c
ore@7._9960d4ec3ace0dc381872aaaee443d1f\node_modules\next\dist\build\utils.js:1402:
25
    at async Promise.all (index 36)
    at async handleTraceFiles (C:\Users\user\Documents\TVNEW\node_modules\.pnpm\nex
t@14.2.30_@babel+core@7._9960d4ec3ace0dc381872aaaee443d1f\node_modules\next\dist\bu
ild\utils.js:1390:9)
    at async copyTracedFiles (C:\Users\user\Documents\TVNEW\node_modules\.pnpm\next
@14.2.30_@babel+core@7._9960d4ec3ace0dc381872aaaee443d1f\node_modules\next\dist\bui
ld\utils.js:1451:9)
    at async C:\Users\user\Documents\TVNEW\node_modules\.pnpm\next@14.2.30_@babel+c
ore@7._9960d4ec3ace0dc381872aaaee443d1f\node_modules\next\dist\build\index.js:224:9
    at async Span.traceAsyncFn (C:\Users\user\Documents\TVNEW\node_modules\.pnpm\ne
xt@14.2.30_@babel+core@7._9960d4ec3ace0dc381872aaaee443d1f\node_modules\next\dist\t
race\trace.js:154:20)
    at async writeStandaloneDirectory (C:\Users\user\Documents\TVNEW\node_modules\.
pnpm\next@14.2.30_@babel+core@7._9960d4ec3ace0dc381872aaaee443d1f\node_modules\next
\dist\build\index.js:223:5)
    at async C:\Users\user\Documents\TVNEW\node_modules\.pnpm\next@14.2.30_@babel+c
ore@7._9960d4ec3ace0dc381872aaaee443d1f\node_modules\next\dist\build\index.js:2143:
17
    at async Span.traceAsyncFn (C:\Users\user\Documents\TVNEW\node_modules\.pnpm\ne
xt@14.2.30_@babel+core@7._9960d4ec3ace0dc381872aaaee443d1f\node_modules\next\dist\t
race\trace.js:154:20)
    at async build (C:\Users\user\Documents\TVNEW\node_modules\.pnpm\next@14.2.30_@
babel+core@7._9960d4ec3ace0dc381872aaaee443d1f\node_modules\next\dist\build\index.j
s:368:9) {
  errno: -4048,
  code: 'EPERM',
  syscall: 'symlink',
  path: 'C:\\Users\\user\\Documents\\TVNEW\\node_modules\\.pnpm\\next@14.2.30_@babe
l+core@7._9960d4ec3ace0dc381872aaaee443d1f\\node_modules\\next',
  dest: 'C:\\Users\\user\\Documents\\TVNEW\\.next\\standalone\\node_modules\\next'
}

> Build error occurred
Error: EPERM: operation not permitted, symlink 'C:\Users\user\Documents\TVNEW\node_
modules\.pnpm\@next+env@14.2.30\node_modules\@next\env' -> 'C:\Users\user\Documents
\TVNEW\.next\standalone\node_modules\.pnpm\next@14.2.30_@babel+core@7._9960d4ec3ace
0dc381872aaaee443d1f\node_modules\@next\env'
    at async Object.symlink (node:internal/fs/promises:1004:10)
    at async C:\Users\user\Documents\TVNEW\node_modules\.pnpm\next@14.2.30_@babel+c
ore@7._9960d4ec3ace0dc381872aaaee443d1f\node_modules\next\dist\build\utils.js:1402:
25
    at async Promise.all (index 86)
    at async handleTraceFiles (C:\Users\user\Documents\TVNEW\node_modules\.pnpm\nex
t@14.2.30_@babel+core@7._9960d4ec3ace0dc381872aaaee443d1f\node_modules\next\dist\bu
ild\utils.js:1390:9)
    at async copyTracedFiles (C:\Users\user\Documents\TVNEW\node_modules\.pnpm\next
@14.2.30_@babel+core@7._9960d4ec3ace0dc381872aaaee443d1f\node_modules\next\dist\bui
ld\utils.js:1472:5)
    at async C:\Users\user\Documents\TVNEW\node_modules\.pnpm\next@14.2.30_@babel+c
ore@7._9960d4ec3ace0dc381872aaaee443d1f\node_modules\next\dist\build\index.js:224:9
    at async Span.traceAsyncFn (C:\Users\user\Documents\TVNEW\node_modules\.pnpm\ne
xt@14.2.30_@babel+core@7._9960d4ec3ace0dc381872aaaee443d1f\node_modules\next\dist\t
race\trace.js:154:20)
    at async writeStandaloneDirectory (C:\Users\user\Documents\TVNEW\node_modules\.
pnpm\next@14.2.30_@babel+core@7._9960d4ec3ace0dc381872aaaee443d1f\node_modules\next
\dist\build\index.js:223:5)
    at async C:\Users\user\Documents\TVNEW\node_modules\.pnpm\next@14.2.30_@babel+c
ore@7._9960d4ec3ace0dc381872aaaee443d1f\node_modules\next\dist\build\index.js:2143:
17
    at async Span.traceAsyncFn (C:\Users\user\Documents\TVNEW\node_modules\.pnpm\ne
xt@14.2.30_@babel+core@7._9960d4ec3ace0dc381872aaaee443d1f\node_modules\next\dist\t
race\trace.js:154:20)
    at async build (C:\Users\user\Documents\TVNEW\node_modules\.pnpm\next@14.2.30_@
babel+core@7._9960d4ec3ace0dc381872aaaee443d1f\node_modules\next\dist\build\index.j
s:368:9) {
  errno: -4048,
  code: 'EPERM',
  syscall: 'symlink',
  path: 'C:\\Users\\user\\Documents\\TVNEW\\node_modules\\.pnpm\\@next+env@14.2.30\
\node_modules\\@next\\env',
  dest: 'C:\\Users\\user\\Documents\\TVNEW\\.next\\standalone\\node_modules\\.pnpm\
\next@14.2.30_@babel+core@7._9960d4ec3ace0dc381872aaaee443d1f\\node_modules\\@next\
\env'
}
